Warning: detected Bowtie 2 2.5.4, but byte-identity is only guaranteed against the pinned version 2.5.5.
Note: these options are recognised but not yet active in this build (wired in a later phase): --nucleotide_coverage
Bismark aligner (Rust) — resolved configuration
aligner:        Bowtie 2 2.5.4 (/public3/home/scg9946/TTest/soft/MyMiniconda/envs/otter-core-bismark-rust-3.1.0-r2/bin/bowtie2)
library:        directional
layout:         paired-end [FASTQ]
reads:          /public3/home/scg9946/otter-gate6/evidence/gate6-human-mouse-mixtures-20260830/human0.01-replicate3-n1000000-qnameexact-v2-formal-t15/mixture_R1.fastq.gz+/public3/home/scg9946/otter-gate6/evidence/gate6-human-mouse-mixtures-20260830/human0.01-replicate3-n1000000-qnameexact-v2-formal-t15/mixture_R2.fastq.gz
genome:         /public3/home/scg9946/otter-gate6/references/genomes/mm10/GRCm38-gencode-M25/indexes/bismark/genome
CT index:       /public3/home/scg9946/otter-gate6/references/genomes/mm10/GRCm38-gencode-M25/indexes/bismark/genome/Bisulfite_Genome/CT_conversion/BS_CT
GA index:       /public3/home/scg9946/otter-gate6/references/genomes/mm10/GRCm38-gencode-M25/indexes/bismark/genome/Bisulfite_Genome/GA_conversion/BS_GA
large index:    false
FASTA(s):       1 file(s) (Fa)
aligner_options: -q --score-min L,0,-0.2 --ignore-quals --no-mixed --no-discordant --dovetail --maxins 500
output:         BAM, dir="/public3/home/scg9946/otter-gate6/evidence/gate6-human-graft-mouse-host-xg-aware-20260902/analysis-41849447/bismark-host", basename=None
chr chr1 (195471971 bp)
chr chr2 (182113224 bp)
chr chr3 (160039680 bp)
chr chr4 (156508116 bp)
chr chr5 (151834684 bp)
chr chr6 (149736546 bp)
chr chr7 (145441459 bp)
chr chr8 (129401213 bp)
chr chr9 (124595110 bp)
chr chr10 (130694993 bp)
chr chr11 (122082543 bp)
chr chr12 (120129022 bp)
chr chr13 (120421639 bp)
chr chr14 (124902244 bp)
chr chr15 (104043685 bp)
chr chr16 (98207768 bp)
chr chr17 (94987271 bp)
chr chr18 (90702639 bp)
chr chr19 (61431566 bp)
chr chrX (171031299 bp)
chr chrY (91744698 bp)
chr chrM (16299 bp)
chr GL456210.1 (169725 bp)
chr GL456211.1 (241735 bp)
chr GL456212.1 (153618 bp)
chr GL456213.1 (39340 bp)
chr GL456216.1 (66673 bp)
chr GL456219.1 (175968 bp)
chr GL456221.1 (206961 bp)
chr GL456233.1 (336933 bp)
chr GL456239.1 (40056 bp)
chr GL456350.1 (227966 bp)
chr GL456354.1 (195993 bp)
chr GL456359.1 (22974 bp)
chr GL456360.1 (31704 bp)
chr GL456366.1 (47073 bp)
chr GL456367.1 (42057 bp)
chr GL456368.1 (20208 bp)
chr GL456370.1 (26764 bp)
chr GL456372.1 (28664 bp)
chr GL456378.1 (31602 bp)
chr GL456379.1 (72385 bp)
chr GL456381.1 (25871 bp)
chr GL456382.1 (23158 bp)
chr GL456383.1 (38659 bp)
chr GL456385.1 (35240 bp)
chr GL456387.1 (24685 bp)
chr GL456389.1 (28772 bp)
chr GL456390.1 (24668 bp)
chr GL456392.1 (23629 bp)
chr GL456393.1 (55711 bp)
chr GL456394.1 (24323 bp)
chr GL456396.1 (21240 bp)
chr JH584292.1 (14945 bp)
chr JH584293.1 (207968 bp)
chr JH584294.1 (191905 bp)
chr JH584295.1 (1976 bp)
chr JH584296.1 (199368 bp)
chr JH584297.1 (205776 bp)
chr JH584298.1 (184189 bp)
chr JH584299.1 (953012 bp)
chr JH584300.1 (182347 bp)
chr JH584301.1 (259875 bp)
chr JH584302.1 (155838 bp)
chr JH584303.1 (158099 bp)
chr JH584304.1 (114452 bp)
Note: --parallel 8 runs up to 16 concurrent Bowtie 2 instances, each loading a bisulfite index (peak resident bounded by, not equal to, ~60.3 GB of Bowtie 2 index). Memory scales with --parallel; reduce it if memory-limited.
Created C->T converted version of /public3/home/scg9946/otter-gate6/evidence/gate6-human-graft-mouse-host-xg-aware-20260902/analysis-41849447/bismark-host/tmp/mixture_R1.fastq.gz.temp.1 -> /public3/home/scg9946/otter-gate6/evidence/gate6-human-graft-mouse-host-xg-aware-20260902/analysis-41849447/bismark-host/tmp/mixture_R1.fastq.gz.temp.1_C_to_T.fastq (125000 sequences)
Created C->T converted version of /public3/home/scg9946/otter-gate6/evidence/gate6-human-graft-mouse-host-xg-aware-20260902/analysis-41849447/bismark-host/tmp/mixture_R1.fastq.gz.temp.6 -> /public3/home/scg9946/otter-gate6/evidence/gate6-human-graft-mouse-host-xg-aware-20260902/analysis-41849447/bismark-host/tmp/mixture_R1.fastq.gz.temp.6_C_to_T.fastq (125000 sequences)
Created C->T converted version of /public3/home/scg9946/otter-gate6/evidence/gate6-human-graft-mouse-host-xg-aware-20260902/analysis-41849447/bismark-host/tmp/mixture_R1.fastq.gz.temp.3 -> /public3/home/scg9946/otter-gate6/evidence/gate6-human-graft-mouse-host-xg-aware-20260902/analysis-41849447/bismark-host/tmp/mixture_R1.fastq.gz.temp.3_C_to_T.fastq (125000 sequences)
Created C->T converted version of /public3/home/scg9946/otter-gate6/evidence/gate6-human-graft-mouse-host-xg-aware-20260902/analysis-41849447/bismark-host/tmp/mixture_R1.fastq.gz.temp.2 -> /public3/home/scg9946/otter-gate6/evidence/gate6-human-graft-mouse-host-xg-aware-20260902/analysis-41849447/bismark-host/tmp/mixture_R1.fastq.gz.temp.2_C_to_T.fastq (125000 sequences)
Created C->T converted version of /public3/home/scg9946/otter-gate6/evidence/gate6-human-graft-mouse-host-xg-aware-20260902/analysis-41849447/bismark-host/tmp/mixture_R1.fastq.gz.temp.4 -> /public3/home/scg9946/otter-gate6/evidence/gate6-human-graft-mouse-host-xg-aware-20260902/analysis-41849447/bismark-host/tmp/mixture_R1.fastq.gz.temp.4_C_to_T.fastq (125000 sequences)
Created C->T converted version of /public3/home/scg9946/otter-gate6/evidence/gate6-human-graft-mouse-host-xg-aware-20260902/analysis-41849447/bismark-host/tmp/mixture_R1.fastq.gz.temp.0 -> /public3/home/scg9946/otter-gate6/evidence/gate6-human-graft-mouse-host-xg-aware-20260902/analysis-41849447/bismark-host/tmp/mixture_R1.fastq.gz.temp.0_C_to_T.fastq (125000 sequences)
Created C->T converted version of /public3/home/scg9946/otter-gate6/evidence/gate6-human-graft-mouse-host-xg-aware-20260902/analysis-41849447/bismark-host/tmp/mixture_R1.fastq.gz.temp.5 -> /public3/home/scg9946/otter-gate6/evidence/gate6-human-graft-mouse-host-xg-aware-20260902/analysis-41849447/bismark-host/tmp/mixture_R1.fastq.gz.temp.5_C_to_T.fastq (125000 sequences)
Created C->T converted version of /public3/home/scg9946/otter-gate6/evidence/gate6-human-graft-mouse-host-xg-aware-20260902/analysis-41849447/bismark-host/tmp/mixture_R1.fastq.gz.temp.7 -> /public3/home/scg9946/otter-gate6/evidence/gate6-human-graft-mouse-host-xg-aware-20260902/analysis-41849447/bismark-host/tmp/mixture_R1.fastq.gz.temp.7_C_to_T.fastq (125000 sequences)
Created G->A converted version of /public3/home/scg9946/otter-gate6/evidence/gate6-human-graft-mouse-host-xg-aware-20260902/analysis-41849447/bismark-host/tmp/mixture_R2.fastq.gz.temp.6 -> /public3/home/scg9946/otter-gate6/evidence/gate6-human-graft-mouse-host-xg-aware-20260902/analysis-41849447/bismark-host/tmp/mixture_R2.fastq.gz.temp.6_G_to_A.fastq (125000 sequences)
Created G->A converted version of /public3/home/scg9946/otter-gate6/evidence/gate6-human-graft-mouse-host-xg-aware-20260902/analysis-41849447/bismark-host/tmp/mixture_R2.fastq.gz.temp.2 -> /public3/home/scg9946/otter-gate6/evidence/gate6-human-graft-mouse-host-xg-aware-20260902/analysis-41849447/bismark-host/tmp/mixture_R2.fastq.gz.temp.2_G_to_A.fastq (125000 sequences)
Created G->A converted version of /public3/home/scg9946/otter-gate6/evidence/gate6-human-graft-mouse-host-xg-aware-20260902/analysis-41849447/bismark-host/tmp/mixture_R2.fastq.gz.temp.3 -> /public3/home/scg9946/otter-gate6/evidence/gate6-human-graft-mouse-host-xg-aware-20260902/analysis-41849447/bismark-host/tmp/mixture_R2.fastq.gz.temp.3_G_to_A.fastq (125000 sequences)
Created G->A converted version of /public3/home/scg9946/otter-gate6/evidence/gate6-human-graft-mouse-host-xg-aware-20260902/analysis-41849447/bismark-host/tmp/mixture_R2.fastq.gz.temp.0 -> /public3/home/scg9946/otter-gate6/evidence/gate6-human-graft-mouse-host-xg-aware-20260902/analysis-41849447/bismark-host/tmp/mixture_R2.fastq.gz.temp.0_G_to_A.fastq (125000 sequences)
Created G->A converted version of /public3/home/scg9946/otter-gate6/evidence/gate6-human-graft-mouse-host-xg-aware-20260902/analysis-41849447/bismark-host/tmp/mixture_R2.fastq.gz.temp.7 -> /public3/home/scg9946/otter-gate6/evidence/gate6-human-graft-mouse-host-xg-aware-20260902/analysis-41849447/bismark-host/tmp/mixture_R2.fastq.gz.temp.7_G_to_A.fastq (125000 sequences)
Created G->A converted version of /public3/home/scg9946/otter-gate6/evidence/gate6-human-graft-mouse-host-xg-aware-20260902/analysis-41849447/bismark-host/tmp/mixture_R2.fastq.gz.temp.5 -> /public3/home/scg9946/otter-gate6/evidence/gate6-human-graft-mouse-host-xg-aware-20260902/analysis-41849447/bismark-host/tmp/mixture_R2.fastq.gz.temp.5_G_to_A.fastq (125000 sequences)
Created G->A converted version of /public3/home/scg9946/otter-gate6/evidence/gate6-human-graft-mouse-host-xg-aware-20260902/analysis-41849447/bismark-host/tmp/mixture_R2.fastq.gz.temp.4 -> /public3/home/scg9946/otter-gate6/evidence/gate6-human-graft-mouse-host-xg-aware-20260902/analysis-41849447/bismark-host/tmp/mixture_R2.fastq.gz.temp.4_G_to_A.fastq (125000 sequences)
Created G->A converted version of /public3/home/scg9946/otter-gate6/evidence/gate6-human-graft-mouse-host-xg-aware-20260902/analysis-41849447/bismark-host/tmp/mixture_R2.fastq.gz.temp.1 -> /public3/home/scg9946/otter-gate6/evidence/gate6-human-graft-mouse-host-xg-aware-20260902/analysis-41849447/bismark-host/tmp/mixture_R2.fastq.gz.temp.1_G_to_A.fastq (125000 sequences)
125000 reads; of these:
  125000 (100.00%) were paired; of these:
    112388 (89.91%) aligned concordantly 0 times
    10688 (8.55%) aligned concordantly exactly 1 time
    1924 (1.54%) aligned concordantly >1 times
10.09% overall alignment rate
125000 reads; of these:
  125000 (100.00%) were paired; of these:
    112279 (89.82%) aligned concordantly 0 times
    10658 (8.53%) aligned concordantly exactly 1 time
    2063 (1.65%) aligned concordantly >1 times
10.18% overall alignment rate
125000 reads; of these:
  125000 (100.00%) were paired; of these:
    110482 (88.39%) aligned concordantly 0 times
    12186 (9.75%) aligned concordantly exactly 1 time
    2332 (1.87%) aligned concordantly >1 times
11.61% overall alignment rate
125000 reads; of these:
  125000 (100.00%) were paired; of these:
    110631 (88.50%) aligned concordantly 0 times
    11834 (9.47%) aligned concordantly exactly 1 time
    2535 (2.03%) aligned concordantly >1 times
11.50% overall alignment rate
125000 reads; of these:
  125000 (100.00%) were paired; of these:
    109211 (87.37%) aligned concordantly 0 times
    13344 (10.68%) aligned concordantly exactly 1 time
    2445 (1.96%) aligned concordantly >1 times
12.63% overall alignment rate
125000 reads; of these:
  125000 (100.00%) were paired; of these:
    108651 (86.92%) aligned concordantly 0 times
    13406 (10.72%) aligned concordantly exactly 1 time
    2943 (2.35%) aligned concordantly >1 times
13.08% overall alignment rate
125000 reads; of these:
  125000 (100.00%) were paired; of these:
    108852 (87.08%) aligned concordantly 0 times
    13549 (10.84%) aligned concordantly exactly 1 time
    2599 (2.08%) aligned concordantly >1 times
12.92% overall alignment rate
125000 reads; of these:
  125000 (100.00%) were paired; of these:
    109008 (87.21%) aligned concordantly 0 times
    13354 (10.68%) aligned concordantly exactly 1 time
    2638 (2.11%) aligned concordantly >1 times
12.79% overall alignment rate
125000 reads; of these:
  125000 (100.00%) were paired; of these:
    108897 (87.12%) aligned concordantly 0 times
    13477 (10.78%) aligned concordantly exactly 1 time
    2626 (2.10%) aligned concordantly >1 times
12.88% overall alignment rate
125000 reads; of these:
  125000 (100.00%) were paired; of these:
    110052 (88.04%) aligned concordantly 0 times
    12572 (10.06%) aligned concordantly exactly 1 time
    2376 (1.90%) aligned concordantly >1 times
11.96% overall alignment rate
125000 reads; of these:
  125000 (100.00%) were paired; of these:
    109912 (87.93%) aligned concordantly 0 times
    12495 (10.00%) aligned concordantly exactly 1 time
    2593 (2.07%) aligned concordantly >1 times
12.07% overall alignment rate
125000 reads; of these:
  125000 (100.00%) were paired; of these:
    108672 (86.94%) aligned concordantly 0 times
    13477 (10.78%) aligned concordantly exactly 1 time
    2851 (2.28%) aligned concordantly >1 times
13.06% overall alignment rate
125000 reads; of these:
  125000 (100.00%) were paired; of these:
    108343 (86.67%) aligned concordantly 0 times
    13774 (11.02%) aligned concordantly exactly 1 time
    2883 (2.31%) aligned concordantly >1 times
13.33% overall alignment rate
125000 reads; of these:
  125000 (100.00%) were paired; of these:
    109911 (87.93%) aligned concordantly 0 times
    12396 (9.92%) aligned concordantly exactly 1 time
    2693 (2.15%) aligned concordantly >1 times
12.07% overall alignment rate
125000 reads; of these:
  125000 (100.00%) were paired; of these:
    108629 (86.90%) aligned concordantly 0 times
    13687 (10.95%) aligned concordantly exactly 1 time
    2684 (2.15%) aligned concordantly >1 times
13.10% overall alignment rate
125000 reads; of these:
  125000 (100.00%) were paired; of these:
    110058 (88.05%) aligned concordantly 0 times
    12458 (9.97%) aligned concordantly exactly 1 time
    2484 (1.99%) aligned concordantly >1 times
11.95% overall alignment rate
>>> Writing bisulfite mapping results to /public3/home/scg9946/otter-gate6/evidence/gate6-human-graft-mouse-host-xg-aware-20260902/analysis-41849447/bismark-host/mixture_R1_bismark_bt2_pe.bam <<<
Mapping summary for /public3/home/scg9946/otter-gate6/evidence/gate6-human-mouse-mixtures-20260830/human0.01-replicate3-n1000000-qnameexact-v2-formal-t15/mixture_R1.fastq.gz / /public3/home/scg9946/otter-gate6/evidence/gate6-human-mouse-mixtures-20260830/human0.01-replicate3-n1000000-qnameexact-v2-formal-t15/mixture_R2.fastq.gz:
sequence pairs analysed:  1000000
unique best alignments:   204744
no alignment found:       775634
ambiguous (unsuitable):   19622
directional-rejected:     0
could-not-extract genomic:0
strand OT/CTOB/CTOT/OB:   102419/0/0/102325
