Warning: detected Bowtie 2 2.5.4, but byte-identity is only guaranteed against the pinned version 2.5.5.
Note: these options are recognised but not yet active in this build (wired in a later phase): --nucleotide_coverage
Bismark aligner (Rust) — resolved configuration
aligner:        Bowtie 2 2.5.4 (/public3/home/scg9946/TTest/soft/MyMiniconda/envs/otter-core-bismark-rust-3.1.0-r2/bin/bowtie2)
library:        directional
layout:         paired-end [FASTQ]
reads:          /public3/home/scg9946/otter-gate6/evidence/gate6-human-mouse-mixtures-20260830/human0.1-replicate3-n1000000-qnameexact-v2-formal-t15/mixture_R1.fastq.gz+/public3/home/scg9946/otter-gate6/evidence/gate6-human-mouse-mixtures-20260830/human0.1-replicate3-n1000000-qnameexact-v2-formal-t15/mixture_R2.fastq.gz
genome:         /public3/home/scg9946/otter-gate6/references/genomes/mm10/GRCm38-gencode-M25/indexes/bismark/genome
CT index:       /public3/home/scg9946/otter-gate6/references/genomes/mm10/GRCm38-gencode-M25/indexes/bismark/genome/Bisulfite_Genome/CT_conversion/BS_CT
GA index:       /public3/home/scg9946/otter-gate6/references/genomes/mm10/GRCm38-gencode-M25/indexes/bismark/genome/Bisulfite_Genome/GA_conversion/BS_GA
large index:    false
FASTA(s):       1 file(s) (Fa)
aligner_options: -q --score-min L,0,-0.2 --ignore-quals --no-mixed --no-discordant --dovetail --maxins 500
output:         BAM, dir="/public3/home/scg9946/otter-gate6/evidence/gate6-human-graft-mouse-host-xg-aware-20260902/analysis-41849440/bismark-host", basename=None
chr chr1 (195471971 bp)
chr chr2 (182113224 bp)
chr chr3 (160039680 bp)
chr chr4 (156508116 bp)
chr chr5 (151834684 bp)
chr chr6 (149736546 bp)
chr chr7 (145441459 bp)
chr chr8 (129401213 bp)
chr chr9 (124595110 bp)
chr chr10 (130694993 bp)
chr chr11 (122082543 bp)
chr chr12 (120129022 bp)
chr chr13 (120421639 bp)
chr chr14 (124902244 bp)
chr chr15 (104043685 bp)
chr chr16 (98207768 bp)
chr chr17 (94987271 bp)
chr chr18 (90702639 bp)
chr chr19 (61431566 bp)
chr chrX (171031299 bp)
chr chrY (91744698 bp)
chr chrM (16299 bp)
chr GL456210.1 (169725 bp)
chr GL456211.1 (241735 bp)
chr GL456212.1 (153618 bp)
chr GL456213.1 (39340 bp)
chr GL456216.1 (66673 bp)
chr GL456219.1 (175968 bp)
chr GL456221.1 (206961 bp)
chr GL456233.1 (336933 bp)
chr GL456239.1 (40056 bp)
chr GL456350.1 (227966 bp)
chr GL456354.1 (195993 bp)
chr GL456359.1 (22974 bp)
chr GL456360.1 (31704 bp)
chr GL456366.1 (47073 bp)
chr GL456367.1 (42057 bp)
chr GL456368.1 (20208 bp)
chr GL456370.1 (26764 bp)
chr GL456372.1 (28664 bp)
chr GL456378.1 (31602 bp)
chr GL456379.1 (72385 bp)
chr GL456381.1 (25871 bp)
chr GL456382.1 (23158 bp)
chr GL456383.1 (38659 bp)
chr GL456385.1 (35240 bp)
chr GL456387.1 (24685 bp)
chr GL456389.1 (28772 bp)
chr GL456390.1 (24668 bp)
chr GL456392.1 (23629 bp)
chr GL456393.1 (55711 bp)
chr GL456394.1 (24323 bp)
chr GL456396.1 (21240 bp)
chr JH584292.1 (14945 bp)
chr JH584293.1 (207968 bp)
chr JH584294.1 (191905 bp)
chr JH584295.1 (1976 bp)
chr JH584296.1 (199368 bp)
chr JH584297.1 (205776 bp)
chr JH584298.1 (184189 bp)
chr JH584299.1 (953012 bp)
chr JH584300.1 (182347 bp)
chr JH584301.1 (259875 bp)
chr JH584302.1 (155838 bp)
chr JH584303.1 (158099 bp)
chr JH584304.1 (114452 bp)
Note: --parallel 8 runs up to 16 concurrent Bowtie 2 instances, each loading a bisulfite index (peak resident bounded by, not equal to, ~60.3 GB of Bowtie 2 index). Memory scales with --parallel; reduce it if memory-limited.
Created C->T converted version of /public3/home/scg9946/otter-gate6/evidence/gate6-human-graft-mouse-host-xg-aware-20260902/analysis-41849440/bismark-host/tmp/mixture_R1.fastq.gz.temp.6 -> /public3/home/scg9946/otter-gate6/evidence/gate6-human-graft-mouse-host-xg-aware-20260902/analysis-41849440/bismark-host/tmp/mixture_R1.fastq.gz.temp.6_C_to_T.fastq (125000 sequences)
Created C->T converted version of /public3/home/scg9946/otter-gate6/evidence/gate6-human-graft-mouse-host-xg-aware-20260902/analysis-41849440/bismark-host/tmp/mixture_R1.fastq.gz.temp.3 -> /public3/home/scg9946/otter-gate6/evidence/gate6-human-graft-mouse-host-xg-aware-20260902/analysis-41849440/bismark-host/tmp/mixture_R1.fastq.gz.temp.3_C_to_T.fastq (125000 sequences)
Created C->T converted version of /public3/home/scg9946/otter-gate6/evidence/gate6-human-graft-mouse-host-xg-aware-20260902/analysis-41849440/bismark-host/tmp/mixture_R1.fastq.gz.temp.5 -> /public3/home/scg9946/otter-gate6/evidence/gate6-human-graft-mouse-host-xg-aware-20260902/analysis-41849440/bismark-host/tmp/mixture_R1.fastq.gz.temp.5_C_to_T.fastq (125000 sequences)
Created C->T converted version of /public3/home/scg9946/otter-gate6/evidence/gate6-human-graft-mouse-host-xg-aware-20260902/analysis-41849440/bismark-host/tmp/mixture_R1.fastq.gz.temp.1 -> /public3/home/scg9946/otter-gate6/evidence/gate6-human-graft-mouse-host-xg-aware-20260902/analysis-41849440/bismark-host/tmp/mixture_R1.fastq.gz.temp.1_C_to_T.fastq (125000 sequences)
Created C->T converted version of /public3/home/scg9946/otter-gate6/evidence/gate6-human-graft-mouse-host-xg-aware-20260902/analysis-41849440/bismark-host/tmp/mixture_R1.fastq.gz.temp.7 -> /public3/home/scg9946/otter-gate6/evidence/gate6-human-graft-mouse-host-xg-aware-20260902/analysis-41849440/bismark-host/tmp/mixture_R1.fastq.gz.temp.7_C_to_T.fastq (125000 sequences)
Created C->T converted version of /public3/home/scg9946/otter-gate6/evidence/gate6-human-graft-mouse-host-xg-aware-20260902/analysis-41849440/bismark-host/tmp/mixture_R1.fastq.gz.temp.4 -> /public3/home/scg9946/otter-gate6/evidence/gate6-human-graft-mouse-host-xg-aware-20260902/analysis-41849440/bismark-host/tmp/mixture_R1.fastq.gz.temp.4_C_to_T.fastq (125000 sequences)
Created C->T converted version of /public3/home/scg9946/otter-gate6/evidence/gate6-human-graft-mouse-host-xg-aware-20260902/analysis-41849440/bismark-host/tmp/mixture_R1.fastq.gz.temp.2 -> /public3/home/scg9946/otter-gate6/evidence/gate6-human-graft-mouse-host-xg-aware-20260902/analysis-41849440/bismark-host/tmp/mixture_R1.fastq.gz.temp.2_C_to_T.fastq (125000 sequences)
Created C->T converted version of /public3/home/scg9946/otter-gate6/evidence/gate6-human-graft-mouse-host-xg-aware-20260902/analysis-41849440/bismark-host/tmp/mixture_R1.fastq.gz.temp.0 -> /public3/home/scg9946/otter-gate6/evidence/gate6-human-graft-mouse-host-xg-aware-20260902/analysis-41849440/bismark-host/tmp/mixture_R1.fastq.gz.temp.0_C_to_T.fastq (125000 sequences)
Created G->A converted version of /public3/home/scg9946/otter-gate6/evidence/gate6-human-graft-mouse-host-xg-aware-20260902/analysis-41849440/bismark-host/tmp/mixture_R2.fastq.gz.temp.6 -> /public3/home/scg9946/otter-gate6/evidence/gate6-human-graft-mouse-host-xg-aware-20260902/analysis-41849440/bismark-host/tmp/mixture_R2.fastq.gz.temp.6_G_to_A.fastq (125000 sequences)
Created G->A converted version of /public3/home/scg9946/otter-gate6/evidence/gate6-human-graft-mouse-host-xg-aware-20260902/analysis-41849440/bismark-host/tmp/mixture_R2.fastq.gz.temp.3 -> /public3/home/scg9946/otter-gate6/evidence/gate6-human-graft-mouse-host-xg-aware-20260902/analysis-41849440/bismark-host/tmp/mixture_R2.fastq.gz.temp.3_G_to_A.fastq (125000 sequences)
Created G->A converted version of /public3/home/scg9946/otter-gate6/evidence/gate6-human-graft-mouse-host-xg-aware-20260902/analysis-41849440/bismark-host/tmp/mixture_R2.fastq.gz.temp.1 -> /public3/home/scg9946/otter-gate6/evidence/gate6-human-graft-mouse-host-xg-aware-20260902/analysis-41849440/bismark-host/tmp/mixture_R2.fastq.gz.temp.1_G_to_A.fastq (125000 sequences)
Created G->A converted version of /public3/home/scg9946/otter-gate6/evidence/gate6-human-graft-mouse-host-xg-aware-20260902/analysis-41849440/bismark-host/tmp/mixture_R2.fastq.gz.temp.7 -> /public3/home/scg9946/otter-gate6/evidence/gate6-human-graft-mouse-host-xg-aware-20260902/analysis-41849440/bismark-host/tmp/mixture_R2.fastq.gz.temp.7_G_to_A.fastq (125000 sequences)
Created G->A converted version of /public3/home/scg9946/otter-gate6/evidence/gate6-human-graft-mouse-host-xg-aware-20260902/analysis-41849440/bismark-host/tmp/mixture_R2.fastq.gz.temp.4 -> /public3/home/scg9946/otter-gate6/evidence/gate6-human-graft-mouse-host-xg-aware-20260902/analysis-41849440/bismark-host/tmp/mixture_R2.fastq.gz.temp.4_G_to_A.fastq (125000 sequences)
Created G->A converted version of /public3/home/scg9946/otter-gate6/evidence/gate6-human-graft-mouse-host-xg-aware-20260902/analysis-41849440/bismark-host/tmp/mixture_R2.fastq.gz.temp.2 -> /public3/home/scg9946/otter-gate6/evidence/gate6-human-graft-mouse-host-xg-aware-20260902/analysis-41849440/bismark-host/tmp/mixture_R2.fastq.gz.temp.2_G_to_A.fastq (125000 sequences)
Created G->A converted version of /public3/home/scg9946/otter-gate6/evidence/gate6-human-graft-mouse-host-xg-aware-20260902/analysis-41849440/bismark-host/tmp/mixture_R2.fastq.gz.temp.5 -> /public3/home/scg9946/otter-gate6/evidence/gate6-human-graft-mouse-host-xg-aware-20260902/analysis-41849440/bismark-host/tmp/mixture_R2.fastq.gz.temp.5_G_to_A.fastq (125000 sequences)
Created G->A converted version of /public3/home/scg9946/otter-gate6/evidence/gate6-human-graft-mouse-host-xg-aware-20260902/analysis-41849440/bismark-host/tmp/mixture_R2.fastq.gz.temp.0 -> /public3/home/scg9946/otter-gate6/evidence/gate6-human-graft-mouse-host-xg-aware-20260902/analysis-41849440/bismark-host/tmp/mixture_R2.fastq.gz.temp.0_G_to_A.fastq (125000 sequences)
125000 reads; of these:
  125000 (100.00%) were paired; of these:
    123509 (98.81%) aligned concordantly 0 times
    1252 (1.00%) aligned concordantly exactly 1 time
    239 (0.19%) aligned concordantly >1 times
1.19% overall alignment rate
125000 reads; of these:
  125000 (100.00%) were paired; of these:
    123493 (98.79%) aligned concordantly 0 times
    1294 (1.04%) aligned concordantly exactly 1 time
    213 (0.17%) aligned concordantly >1 times
1.21% overall alignment rate
125000 reads; of these:
  125000 (100.00%) were paired; of these:
    109012 (87.21%) aligned concordantly 0 times
    13421 (10.74%) aligned concordantly exactly 1 time
    2567 (2.05%) aligned concordantly >1 times
12.79% overall alignment rate
125000 reads; of these:
  125000 (100.00%) were paired; of these:
    109226 (87.38%) aligned concordantly 0 times
    13351 (10.68%) aligned concordantly exactly 1 time
    2423 (1.94%) aligned concordantly >1 times
12.62% overall alignment rate
125000 reads; of these:
  125000 (100.00%) were paired; of these:
    110153 (88.12%) aligned concordantly 0 times
    12353 (9.88%) aligned concordantly exactly 1 time
    2494 (2.00%) aligned concordantly >1 times
11.88% overall alignment rate
125000 reads; of these:
  125000 (100.00%) were paired; of these:
    110361 (88.29%) aligned concordantly 0 times
    12319 (9.86%) aligned concordantly exactly 1 time
    2320 (1.86%) aligned concordantly >1 times
11.71% overall alignment rate
125000 reads; of these:
  125000 (100.00%) were paired; of these:
    109989 (87.99%) aligned concordantly 0 times
    12400 (9.92%) aligned concordantly exactly 1 time
    2611 (2.09%) aligned concordantly >1 times
12.01% overall alignment rate
125000 reads; of these:
  125000 (100.00%) were paired; of these:
    108499 (86.80%) aligned concordantly 0 times
    13567 (10.85%) aligned concordantly exactly 1 time
    2934 (2.35%) aligned concordantly >1 times
13.20% overall alignment rate
125000 reads; of these:
  125000 (100.00%) were paired; of these:
    108661 (86.93%) aligned concordantly 0 times
    13493 (10.79%) aligned concordantly exactly 1 time
    2846 (2.28%) aligned concordantly >1 times
13.07% overall alignment rate
125000 reads; of these:
  125000 (100.00%) were paired; of these:
    110025 (88.02%) aligned concordantly 0 times
    12516 (10.01%) aligned concordantly exactly 1 time
    2459 (1.97%) aligned concordantly >1 times
11.98% overall alignment rate
125000 reads; of these:
  125000 (100.00%) were paired; of these:
    110110 (88.09%) aligned concordantly 0 times
    12226 (9.78%) aligned concordantly exactly 1 time
    2664 (2.13%) aligned concordantly >1 times
11.91% overall alignment rate
125000 reads; of these:
  125000 (100.00%) were paired; of these:
    108717 (86.97%) aligned concordantly 0 times
    13434 (10.75%) aligned concordantly exactly 1 time
    2849 (2.28%) aligned concordantly >1 times
13.03% overall alignment rate
125000 reads; of these:
  125000 (100.00%) were paired; of these:
    108915 (87.13%) aligned concordantly 0 times
    13446 (10.76%) aligned concordantly exactly 1 time
    2639 (2.11%) aligned concordantly >1 times
12.87% overall alignment rate
125000 reads; of these:
  125000 (100.00%) were paired; of these:
    108448 (86.76%) aligned concordantly 0 times
    13895 (11.12%) aligned concordantly exactly 1 time
    2657 (2.13%) aligned concordantly >1 times
13.24% overall alignment rate
125000 reads; of these:
  125000 (100.00%) were paired; of these:
    109144 (87.32%) aligned concordantly 0 times
    13292 (10.63%) aligned concordantly exactly 1 time
    2564 (2.05%) aligned concordantly >1 times
12.68% overall alignment rate
125000 reads; of these:
  125000 (100.00%) were paired; of these:
    109955 (87.96%) aligned concordantly 0 times
    12614 (10.09%) aligned concordantly exactly 1 time
    2431 (1.94%) aligned concordantly >1 times
12.04% overall alignment rate
>>> Writing bisulfite mapping results to /public3/home/scg9946/otter-gate6/evidence/gate6-human-graft-mouse-host-xg-aware-20260902/analysis-41849440/bismark-host/mixture_R1_bismark_bt2_pe.bam <<<
Mapping summary for /public3/home/scg9946/otter-gate6/evidence/gate6-human-mouse-mixtures-20260830/human0.1-replicate3-n1000000-qnameexact-v2-formal-t15/mixture_R1.fastq.gz / /public3/home/scg9946/otter-gate6/evidence/gate6-human-mouse-mixtures-20260830/human0.1-replicate3-n1000000-qnameexact-v2-formal-t15/mixture_R2.fastq.gz:
sequence pairs analysed:  1000000
unique best alignments:   186132
no alignment found:       796074
ambiguous (unsuitable):   17794
directional-rejected:     0
could-not-extract genomic:0
strand OT/CTOB/CTOT/OB:   93047/0/0/93085
