Warning: detected Bowtie 2 2.5.4, but byte-identity is only guaranteed against the pinned version 2.5.5.
Note: these options are recognised but not yet active in this build (wired in a later phase): --nucleotide_coverage
Bismark aligner (Rust) — resolved configuration
aligner:        Bowtie 2 2.5.4 (/public3/home/scg9946/TTest/soft/MyMiniconda/envs/otter-core-bismark-rust-3.1.0-r2/bin/bowtie2)
library:        directional
layout:         paired-end [FASTQ]
reads:          /public3/home/scg9946/otter-gate6/evidence/gate6-human-mouse-mixtures-20260830/human0.5-replicate3-n1000000-high-human/mixture_R1.fastq.gz+/public3/home/scg9946/otter-gate6/evidence/gate6-human-mouse-mixtures-20260830/human0.5-replicate3-n1000000-high-human/mixture_R2.fastq.gz
genome:         /public3/home/scg9946/otter-gate6/references/genomes/mm10/GRCm38-gencode-M25/indexes/bismark/genome
CT index:       /public3/home/scg9946/otter-gate6/references/genomes/mm10/GRCm38-gencode-M25/indexes/bismark/genome/Bisulfite_Genome/CT_conversion/BS_CT
GA index:       /public3/home/scg9946/otter-gate6/references/genomes/mm10/GRCm38-gencode-M25/indexes/bismark/genome/Bisulfite_Genome/GA_conversion/BS_GA
large index:    false
FASTA(s):       1 file(s) (Fa)
aligner_options: -q --score-min L,0,-0.2 --ignore-quals --no-mixed --no-discordant --dovetail --maxins 500
output:         BAM, dir="/public3/home/scg9946/otter-gate6/evidence/gate6-mouse-graft-human-host-xg-aware-20260902/analysis-41850999/bismark-graft", basename=None
chr chr1 (195471971 bp)
chr chr2 (182113224 bp)
chr chr3 (160039680 bp)
chr chr4 (156508116 bp)
chr chr5 (151834684 bp)
chr chr6 (149736546 bp)
chr chr7 (145441459 bp)
chr chr8 (129401213 bp)
chr chr9 (124595110 bp)
chr chr10 (130694993 bp)
chr chr11 (122082543 bp)
chr chr12 (120129022 bp)
chr chr13 (120421639 bp)
chr chr14 (124902244 bp)
chr chr15 (104043685 bp)
chr chr16 (98207768 bp)
chr chr17 (94987271 bp)
chr chr18 (90702639 bp)
chr chr19 (61431566 bp)
chr chrX (171031299 bp)
chr chrY (91744698 bp)
chr chrM (16299 bp)
chr GL456210.1 (169725 bp)
chr GL456211.1 (241735 bp)
chr GL456212.1 (153618 bp)
chr GL456213.1 (39340 bp)
chr GL456216.1 (66673 bp)
chr GL456219.1 (175968 bp)
chr GL456221.1 (206961 bp)
chr GL456233.1 (336933 bp)
chr GL456239.1 (40056 bp)
chr GL456350.1 (227966 bp)
chr GL456354.1 (195993 bp)
chr GL456359.1 (22974 bp)
chr GL456360.1 (31704 bp)
chr GL456366.1 (47073 bp)
chr GL456367.1 (42057 bp)
chr GL456368.1 (20208 bp)
chr GL456370.1 (26764 bp)
chr GL456372.1 (28664 bp)
chr GL456378.1 (31602 bp)
chr GL456379.1 (72385 bp)
chr GL456381.1 (25871 bp)
chr GL456382.1 (23158 bp)
chr GL456383.1 (38659 bp)
chr GL456385.1 (35240 bp)
chr GL456387.1 (24685 bp)
chr GL456389.1 (28772 bp)
chr GL456390.1 (24668 bp)
chr GL456392.1 (23629 bp)
chr GL456393.1 (55711 bp)
chr GL456394.1 (24323 bp)
chr GL456396.1 (21240 bp)
chr JH584292.1 (14945 bp)
chr JH584293.1 (207968 bp)
chr JH584294.1 (191905 bp)
chr JH584295.1 (1976 bp)
chr JH584296.1 (199368 bp)
chr JH584297.1 (205776 bp)
chr JH584298.1 (184189 bp)
chr JH584299.1 (953012 bp)
chr JH584300.1 (182347 bp)
chr JH584301.1 (259875 bp)
chr JH584302.1 (155838 bp)
chr JH584303.1 (158099 bp)
chr JH584304.1 (114452 bp)
Note: --parallel 8 runs up to 16 concurrent Bowtie 2 instances, each loading a bisulfite index (peak resident bounded by, not equal to, ~60.3 GB of Bowtie 2 index). Memory scales with --parallel; reduce it if memory-limited.
Created C->T converted version of /public3/home/scg9946/otter-gate6/evidence/gate6-mouse-graft-human-host-xg-aware-20260902/analysis-41850999/bismark-graft/tmp/mixture_R1.fastq.gz.temp.4 -> /public3/home/scg9946/otter-gate6/evidence/gate6-mouse-graft-human-host-xg-aware-20260902/analysis-41850999/bismark-graft/tmp/mixture_R1.fastq.gz.temp.4_C_to_T.fastq (125000 sequences)
Created C->T converted version of /public3/home/scg9946/otter-gate6/evidence/gate6-mouse-graft-human-host-xg-aware-20260902/analysis-41850999/bismark-graft/tmp/mixture_R1.fastq.gz.temp.6 -> /public3/home/scg9946/otter-gate6/evidence/gate6-mouse-graft-human-host-xg-aware-20260902/analysis-41850999/bismark-graft/tmp/mixture_R1.fastq.gz.temp.6_C_to_T.fastq (125000 sequences)
Created C->T converted version of /public3/home/scg9946/otter-gate6/evidence/gate6-mouse-graft-human-host-xg-aware-20260902/analysis-41850999/bismark-graft/tmp/mixture_R1.fastq.gz.temp.7 -> /public3/home/scg9946/otter-gate6/evidence/gate6-mouse-graft-human-host-xg-aware-20260902/analysis-41850999/bismark-graft/tmp/mixture_R1.fastq.gz.temp.7_C_to_T.fastq (125000 sequences)
Created C->T converted version of /public3/home/scg9946/otter-gate6/evidence/gate6-mouse-graft-human-host-xg-aware-20260902/analysis-41850999/bismark-graft/tmp/mixture_R1.fastq.gz.temp.5 -> /public3/home/scg9946/otter-gate6/evidence/gate6-mouse-graft-human-host-xg-aware-20260902/analysis-41850999/bismark-graft/tmp/mixture_R1.fastq.gz.temp.5_C_to_T.fastq (125000 sequences)
Created C->T converted version of /public3/home/scg9946/otter-gate6/evidence/gate6-mouse-graft-human-host-xg-aware-20260902/analysis-41850999/bismark-graft/tmp/mixture_R1.fastq.gz.temp.0 -> /public3/home/scg9946/otter-gate6/evidence/gate6-mouse-graft-human-host-xg-aware-20260902/analysis-41850999/bismark-graft/tmp/mixture_R1.fastq.gz.temp.0_C_to_T.fastq (125000 sequences)
Created C->T converted version of /public3/home/scg9946/otter-gate6/evidence/gate6-mouse-graft-human-host-xg-aware-20260902/analysis-41850999/bismark-graft/tmp/mixture_R1.fastq.gz.temp.1 -> /public3/home/scg9946/otter-gate6/evidence/gate6-mouse-graft-human-host-xg-aware-20260902/analysis-41850999/bismark-graft/tmp/mixture_R1.fastq.gz.temp.1_C_to_T.fastq (125000 sequences)
Created C->T converted version of /public3/home/scg9946/otter-gate6/evidence/gate6-mouse-graft-human-host-xg-aware-20260902/analysis-41850999/bismark-graft/tmp/mixture_R1.fastq.gz.temp.2 -> /public3/home/scg9946/otter-gate6/evidence/gate6-mouse-graft-human-host-xg-aware-20260902/analysis-41850999/bismark-graft/tmp/mixture_R1.fastq.gz.temp.2_C_to_T.fastq (125000 sequences)
Created C->T converted version of /public3/home/scg9946/otter-gate6/evidence/gate6-mouse-graft-human-host-xg-aware-20260902/analysis-41850999/bismark-graft/tmp/mixture_R1.fastq.gz.temp.3 -> /public3/home/scg9946/otter-gate6/evidence/gate6-mouse-graft-human-host-xg-aware-20260902/analysis-41850999/bismark-graft/tmp/mixture_R1.fastq.gz.temp.3_C_to_T.fastq (125000 sequences)
Created G->A converted version of /public3/home/scg9946/otter-gate6/evidence/gate6-mouse-graft-human-host-xg-aware-20260902/analysis-41850999/bismark-graft/tmp/mixture_R2.fastq.gz.temp.4 -> /public3/home/scg9946/otter-gate6/evidence/gate6-mouse-graft-human-host-xg-aware-20260902/analysis-41850999/bismark-graft/tmp/mixture_R2.fastq.gz.temp.4_G_to_A.fastq (125000 sequences)
Created G->A converted version of /public3/home/scg9946/otter-gate6/evidence/gate6-mouse-graft-human-host-xg-aware-20260902/analysis-41850999/bismark-graft/tmp/mixture_R2.fastq.gz.temp.6 -> /public3/home/scg9946/otter-gate6/evidence/gate6-mouse-graft-human-host-xg-aware-20260902/analysis-41850999/bismark-graft/tmp/mixture_R2.fastq.gz.temp.6_G_to_A.fastq (125000 sequences)
Created G->A converted version of /public3/home/scg9946/otter-gate6/evidence/gate6-mouse-graft-human-host-xg-aware-20260902/analysis-41850999/bismark-graft/tmp/mixture_R2.fastq.gz.temp.5 -> /public3/home/scg9946/otter-gate6/evidence/gate6-mouse-graft-human-host-xg-aware-20260902/analysis-41850999/bismark-graft/tmp/mixture_R2.fastq.gz.temp.5_G_to_A.fastq (125000 sequences)
Created G->A converted version of /public3/home/scg9946/otter-gate6/evidence/gate6-mouse-graft-human-host-xg-aware-20260902/analysis-41850999/bismark-graft/tmp/mixture_R2.fastq.gz.temp.7 -> /public3/home/scg9946/otter-gate6/evidence/gate6-mouse-graft-human-host-xg-aware-20260902/analysis-41850999/bismark-graft/tmp/mixture_R2.fastq.gz.temp.7_G_to_A.fastq (125000 sequences)
Created G->A converted version of /public3/home/scg9946/otter-gate6/evidence/gate6-mouse-graft-human-host-xg-aware-20260902/analysis-41850999/bismark-graft/tmp/mixture_R2.fastq.gz.temp.0 -> /public3/home/scg9946/otter-gate6/evidence/gate6-mouse-graft-human-host-xg-aware-20260902/analysis-41850999/bismark-graft/tmp/mixture_R2.fastq.gz.temp.0_G_to_A.fastq (125000 sequences)
Created G->A converted version of /public3/home/scg9946/otter-gate6/evidence/gate6-mouse-graft-human-host-xg-aware-20260902/analysis-41850999/bismark-graft/tmp/mixture_R2.fastq.gz.temp.1 -> /public3/home/scg9946/otter-gate6/evidence/gate6-mouse-graft-human-host-xg-aware-20260902/analysis-41850999/bismark-graft/tmp/mixture_R2.fastq.gz.temp.1_G_to_A.fastq (125000 sequences)
Created G->A converted version of /public3/home/scg9946/otter-gate6/evidence/gate6-mouse-graft-human-host-xg-aware-20260902/analysis-41850999/bismark-graft/tmp/mixture_R2.fastq.gz.temp.3 -> /public3/home/scg9946/otter-gate6/evidence/gate6-mouse-graft-human-host-xg-aware-20260902/analysis-41850999/bismark-graft/tmp/mixture_R2.fastq.gz.temp.3_G_to_A.fastq (125000 sequences)
Created G->A converted version of /public3/home/scg9946/otter-gate6/evidence/gate6-mouse-graft-human-host-xg-aware-20260902/analysis-41850999/bismark-graft/tmp/mixture_R2.fastq.gz.temp.2 -> /public3/home/scg9946/otter-gate6/evidence/gate6-mouse-graft-human-host-xg-aware-20260902/analysis-41850999/bismark-graft/tmp/mixture_R2.fastq.gz.temp.2_G_to_A.fastq (125000 sequences)
125000 reads; of these:
  125000 (100.00%) were paired; of these:
    124909 (99.93%) aligned concordantly 0 times
    89 (0.07%) aligned concordantly exactly 1 time
    2 (0.00%) aligned concordantly >1 times
0.07% overall alignment rate
125000 reads; of these:
  125000 (100.00%) were paired; of these:
    124894 (99.92%) aligned concordantly 0 times
    103 (0.08%) aligned concordantly exactly 1 time
    3 (0.00%) aligned concordantly >1 times
0.08% overall alignment rate
125000 reads; of these:
  125000 (100.00%) were paired; of these:
    124916 (99.93%) aligned concordantly 0 times
    82 (0.07%) aligned concordantly exactly 1 time
    2 (0.00%) aligned concordantly >1 times
0.07% overall alignment rate
125000 reads; of these:
  125000 (100.00%) were paired; of these:
    124906 (99.92%) aligned concordantly 0 times
    91 (0.07%) aligned concordantly exactly 1 time
    3 (0.00%) aligned concordantly >1 times
0.08% overall alignment rate
125000 reads; of these:
  125000 (100.00%) were paired; of these:
    124894 (99.92%) aligned concordantly 0 times
    105 (0.08%) aligned concordantly exactly 1 time
    1 (0.00%) aligned concordantly >1 times
0.08% overall alignment rate
125000 reads; of these:
  125000 (100.00%) were paired; of these:
    124899 (99.92%) aligned concordantly 0 times
    100 (0.08%) aligned concordantly exactly 1 time
    1 (0.00%) aligned concordantly >1 times
0.08% overall alignment rate
125000 reads; of these:
  125000 (100.00%) were paired; of these:
    124925 (99.94%) aligned concordantly 0 times
    72 (0.06%) aligned concordantly exactly 1 time
    3 (0.00%) aligned concordantly >1 times
0.06% overall alignment rate
125000 reads; of these:
  125000 (100.00%) were paired; of these:
    124890 (99.91%) aligned concordantly 0 times
    108 (0.09%) aligned concordantly exactly 1 time
    2 (0.00%) aligned concordantly >1 times
0.09% overall alignment rate
125000 reads; of these:
  125000 (100.00%) were paired; of these:
    110491 (88.39%) aligned concordantly 0 times
    12006 (9.60%) aligned concordantly exactly 1 time
    2503 (2.00%) aligned concordantly >1 times
11.61% overall alignment rate
125000 reads; of these:
  125000 (100.00%) were paired; of these:
    110414 (88.33%) aligned concordantly 0 times
    12308 (9.85%) aligned concordantly exactly 1 time
    2278 (1.82%) aligned concordantly >1 times
11.67% overall alignment rate
125000 reads; of these:
  125000 (100.00%) were paired; of these:
    110030 (88.02%) aligned concordantly 0 times
    12348 (9.88%) aligned concordantly exactly 1 time
    2622 (2.10%) aligned concordantly >1 times
11.98% overall alignment rate
125000 reads; of these:
  125000 (100.00%) were paired; of these:
    108666 (86.93%) aligned concordantly 0 times
    13407 (10.73%) aligned concordantly exactly 1 time
    2927 (2.34%) aligned concordantly >1 times
13.07% overall alignment rate
125000 reads; of these:
  125000 (100.00%) were paired; of these:
    108949 (87.16%) aligned concordantly 0 times
    13238 (10.59%) aligned concordantly exactly 1 time
    2813 (2.25%) aligned concordantly >1 times
12.84% overall alignment rate
125000 reads; of these:
  125000 (100.00%) were paired; of these:
    108657 (86.93%) aligned concordantly 0 times
    13636 (10.91%) aligned concordantly exactly 1 time
    2707 (2.17%) aligned concordantly >1 times
13.07% overall alignment rate
125000 reads; of these:
  125000 (100.00%) were paired; of these:
    110169 (88.14%) aligned concordantly 0 times
    12437 (9.95%) aligned concordantly exactly 1 time
    2394 (1.92%) aligned concordantly >1 times
11.86% overall alignment rate
125000 reads; of these:
  125000 (100.00%) were paired; of these:
    109126 (87.30%) aligned concordantly 0 times
    13298 (10.64%) aligned concordantly exactly 1 time
    2576 (2.06%) aligned concordantly >1 times
12.70% overall alignment rate
>>> Writing bisulfite mapping results to /public3/home/scg9946/otter-gate6/evidence/gate6-mouse-graft-human-host-xg-aware-20260902/analysis-41850999/bismark-graft/mixture_R1_bismark_bt2_pe.bam <<<
Mapping summary for /public3/home/scg9946/otter-gate6/evidence/gate6-human-mouse-mixtures-20260830/human0.5-replicate3-n1000000-high-human/mixture_R1.fastq.gz / /public3/home/scg9946/otter-gate6/evidence/gate6-human-mouse-mixtures-20260830/human0.5-replicate3-n1000000-high-human/mixture_R2.fastq.gz:
sequence pairs analysed:  1000000
unique best alignments:   104052
no alignment found:       885921
ambiguous (unsuitable):   10027
directional-rejected:     0
could-not-extract genomic:0
strand OT/CTOB/CTOT/OB:   51885/0/0/52167
